[www.mansurtl.com/templates/dream/index.html]
[backblue.gif]
[fade.gif]
[index.html]
[www.mansurtl.com/templates/dream/images/dist/logos/favicon.png]
[www.mansurtl.com/templates/dream/fonts/Inter/inter-fontfaces.css]
[www.mansurtl.com/templates/dream/css/vendor/bootstrapv5-0-2/bootstrapv5-0-2.css]
[www.mansurtl.com/templates/dream/css/main.min.css]
[www.mansurtl.com/templates/dream/images/dist/logos/logo.png]
[www.mansurtl.com/templates/dream/blog.html]
[www.mansurtl.com/templates/dream/faq.html]
[www.mansurtl.com/templates/dream/profile-favorites.html]
[www.mansurtl.com/templates/dream/profile-orders.html]
[www.mansurtl.com/templates/dream/basket.html]
[www.mansurtl.com/templates/dream/images/dist/brands/img-1.png]
[www.mansurtl.com/templates/dream/images/dist/brands/img-2.png]
[www.mansurtl.com/templates/dream/images/dist/brands/img-3.png]
[www.mansurtl.com/templates/dream/images/dist/brands/img-4.png]
[www.mansurtl.com/templates/dream/images/dist/brands/img-5.png]
[www.mansurtl.com/templates/dream/images/dist/brands/img-6.png]
[www.mansurtl.com/templates/dream/images/dist/brands/img-7.png]
[www.mansurtl.com/templates/dream/images/dist/brands/img-8.png]
[www.mansurtl.com/templates/dream/images/dist/brands/img-9.png]
[www.mansurtl.com/templates/dream/catalog-filter.html]
[www.mansurtl.com/templates/dream/images/dist/hero-banners/img-1-2250x800.png]
[www.mansurtl.com/templates/dream/images/dist/hero-banners/img-2-2250x800.png]
[www.mansurtl.com/templates/dream/images/dist/hero-banners/img-3-2250x800.png]
[www.mansurtl.com/templates/dream/images/dist/products/img-1.png]
[www.mansurtl.com/templates/dream/product.html]
[www.mansurtl.com/templates/dream/images/dist/products/img-2.png]
[www.mansurtl.com/templates/dream/images/dist/products/img-3.png]
[www.mansurtl.com/templates/dream/images/dist/products/img-4.png]
[www.mansurtl.com/templates/dream/images/dist/products/img-5.png]
[www.mansurtl.com/templates/dream/images/dist/products/img-6.png]
[www.mansurtl.com/templates/dream/images/dist/products/img-7.png]
[www.mansurtl.com/templates/dream/images/dist/products/img-8.png]
[www.mansurtl.com/templates/dream/images/dist/products/img-9.png]
[www.mansurtl.com/templates/dream/images/dist/products/img-10.png]
[www.mansurtl.com/templates/dream/images/dist/products/img-12.png]
[www.mansurtl.com/templates/dream/images/dist/products/img-13.png]
[www.mansurtl.com/templates/dream/images/dist/promos/img-1-820x516.jpg]
[www.mansurtl.com/templates/dream/images/dist/promos/img-2-820x516.jpg]
[www.mansurtl.com/templates/dream/images/dist/promos/img-3-820x516.jpg]
[www.mansurtl.com/templates/dream/images/dist/promos/img-4-820x516.jpg]
[www.mansurtl.com/templates/dream/images/dist/promos/img-5-820x516.jpg]
[www.mansurtl.com/templates/dream/images/dist/promos/img-6-820x516.jpg]
[www.mansurtl.com/templates/dream/images/dist/promos/img-7-820x516.jpg]
[www.mansurtl.com/templates/dream/images/dist/promos/img-8-820x516.jpg]
[www.mansurtl.com/templates/dream/blog-post.html]
[www.mansurtl.com/templates/dream/images/dist/blog/img-1.jpg]
[www.mansurtl.com/templates/dream/images/dist/blog/img-2.jpg]
[www.mansurtl.com/templates/dream/images/dist/blog/img-3.jpg]
[www.mansurtl.com/templates/dream/images/dist/blog/img-4.jpg]
[www.mansurtl.com/templates/dream/images/dist/blog/img-5.jpg]
[www.mansurtl.com/templates/dream/images/dist/QR/img-1.png]
[www.mansurtl.com/templates/dream/aboutus.html]
[www.mansurtl.com/templates/dream/privacy-policy.html]
[www.mansurtl.com/templates/dream/terms-of-use.html]
[www.mansurtl.com/templates/dream/contact.html]
[www.mansurtl.com/templates/dream/js/vendor/jquery-3.6.0.min.js]
[www.mansurtl.com/templates/dream/js/plugins/swiper-bundle.min.js]
[www.mansurtl.com/templates/dream/js/vendor/bootstrap.bundle.min.js]
[www.mansurtl.com/templates/dream/js/main.js]
[www.mansurtl.com/templates/dream/index.html]
[www.mansurtl.com/templates/dream/js/pages/home/script.master.js]
[www.mansurtl.com/templates/dream/fonts/Inter/Inter-Thin.woff]
[www.mansurtl.com/templates/dream/fonts/Inter/Inter-Light.woff]
[www.mansurtl.com/templates/dream/fonts/Inter/Inter-Regular.woff]
[www.mansurtl.com/templates/dream/fonts/Inter/Inter-Medium.woff]
[www.mansurtl.com/templates/dream/fonts/Inter/Inter-Semibold.woff]
[www.mansurtl.com/templates/dream/fonts/Inter/Inter-Bold.woff]
[www.mansurtl.com/templates/dream/fonts/Inter/Inter-Super.woff]
[www.mansurtl.com/templates/dream/fonts/Inter/Inter-Black.woff]
[www.mansurtl.com/templates/dream/fonts/Inter/inter-fontfaces.css]
[www.mansurtl.com/templates/dream/css/vendor/bootstrapv5-0-2/bootstrapv5-0-2.css]
[www.mansurtl.com/templates/dream/css/main.min.css]
[www.mansurtl.com/templates/dream/images/dist/blog/wide/img-1-1320x420.jpg]
[www.mansurtl.com/templates/dream/images/dist/avatars/user-2.jpg]
[www.mansurtl.com/templates/dream/images/dist/blog/wide/img-2-1320x420.jpg]
[www.mansurtl.com/templates/dream/images/dist/avatars/user-3.jpg]
[www.mansurtl.com/templates/dream/images/dist/blog/wide/img-3-1320x420.jpg]
[www.mansurtl.com/templates/dream/images/dist/avatars/user-4.jpg]
[www.mansurtl.com/templates/dream/images/dist/blog/grid/img-1-1024x520.jpg]
[www.mansurtl.com/templates/dream/images/dist/blog/grid/img-2-1024x520.jpg]
[www.mansurtl.com/templates/dream/images/dist/avatars/user-1.jpg]
[www.mansurtl.com/templates/dream/images/dist/blog/grid/img-5-1024x520.jpg]
[www.mansurtl.com/templates/dream/images/dist/blog/grid/img-6-1024x520.jpg]
[www.mansurtl.com/templates/dream/images/dist/blog/grid/img-7-1024x520.jpg]
[www.mansurtl.com/templates/dream/images/dist/blog/grid/img-3-1024x520.jpg]
[www.mansurtl.com/templates/dream/images/dist/avatars/user-5.jpg]
[www.mansurtl.com/templates/dream/images/dist/blog/grid/img-4-1024x520.jpg]
[www.mansurtl.com/templates/dream/images/dist/avatars/user-6.jpg]
[www.mansurtl.com/templates/dream/images/dist/blog/grid/img-8-1024x520.jpg]
[www.mansurtl.com/templates/dream/images/dist/blog/grid/img-9-1024x520.jpg]
[www.mansurtl.com/templates/dream/images/dist/blog/grid/img-10-1024x520.jpg]
[www.mansurtl.com/templates/dream/blog.html]
[www.mansurtl.com/templates/dream/faq.html]
[www.mansurtl.com/templates/dream/js/pages/blog/list/script.master.js]
[www.mansurtl.com/templates/dream/css/vendor/jQuery-niceSelect/jQnice-select.css]
[www.mansurtl.com/templates/dream/profile-addresses.html]
[www.mansurtl.com/templates/dream/profile-bonuses.html]
[www.mansurtl.com/templates/dream/profile-reviews.html]
[www.mansurtl.com/templates/dream/js/plugins/jquery.nice-select.js]
[www.mansurtl.com/templates/dream/profile-favorites.html]
[www.mansurtl.com/templates/dream/profile-orders.html]
[www.mansurtl.com/templates/dream/profile-order-details.html]
[www.mansurtl.com/templates/dream/images/dist/paygateways/checkout-options/img-1.png]
[www.mansurtl.com/templates/dream/images/dist/paygateways/checkout-options/img-3.png]
[www.mansurtl.com/templates/dream/images/dist/paygateways/checkout-options/img-4.png]
[www.mansurtl.com/templates/dream/images/dist/paygateways/checkout-options/img-2.png]
[www.mansurtl.com/templates/dream/images/dist/products/img-11.png]
[www.mansurtl.com/templates/dream/images/dist/products/img-14.png]
[www.mansurtl.com/templates/dream/images/dist/products/img-15.png]
[www.mansurtl.com/templates/dream/images/dist/products/img-16.png]
[www.mansurtl.com/templates/dream/images/dist/products/img-17.png]
[www.mansurtl.com/templates/dream/images/dist/products/img-18.png]
[www.mansurtl.com/templates/dream/images/dist/products/img-19.png]
[www.mansurtl.com/templates/dream/images/dist/products/img-20.png]
[www.mansurtl.com/templates/dream/images/dist/products/img-21.png]
[www.mansurtl.com/templates/dream/images/dist/products/img-22.png]
[www.mansurtl.com/templates/dream/images/dist/products/img-23.png]
[www.mansurtl.com/templates/dream/images/dist/products/img-24.png]
[www.mansurtl.com/templates/dream/images/dist/products/img-25.png]
[www.mansurtl.com/templates/dream/basket.html]
[www.mansurtl.com/templates/dream/js/pages/basket/script.master.js]
[www.mansurtl.com/templates/dream/catalog-departments.html]
[www.mansurtl.com/templates/dream/profile-data.html]
[www.mansurtl.com/templates/dream/images/dist/banners/1290x140.png]
[www.mansurtl.com/templates/dream/catalog-filter.html]
[www.mansurtl.com/templates/dream/js/pages/catalog/filter/script.master.js]
[www.mansurtl.com/templates/dream/css/vendor/VenoBox/venobox.min.css]
[www.mansurtl.com/templates/dream/images/dist/product-details/gallery/img-1.png]
[www.mansurtl.com/templates/dream/images/dist/product-details/gallery/img-2.png]
[www.mansurtl.com/templates/dream/images/dist/product-details/gallery/img-3.png]
[www.mansurtl.com/templates/dream/images/dist/product-details/gallery/img-4.png]
[www.mansurtl.com/templates/dream/images/dist/product-details/gallery/img-5.png]
[www.mansurtl.com/templates/dream/images/dist/product-details/gallery/img-6.png]
[www.mansurtl.com/templates/dream/images/dist/product-details/reviews/images/img-1.jpg]
[www.mansurtl.com/templates/dream/images/dist/product-details/reviews/thumbs/img-1.png]
[www.mansurtl.com/templates/dream/images/dist/product-details/reviews/images/img-2.jpg]
[www.mansurtl.com/templates/dream/images/dist/product-details/reviews/thumbs/img-2.png]
[www.mansurtl.com/templates/dream/images/dist/product-details/reviews/images/img-3.jpg]
[www.mansurtl.com/templates/dream/images/dist/product-details/reviews/thumbs/img-3.png]
[www.mansurtl.com/templates/dream/images/dist/product-details/reviews/images/img-4.jpg]
[www.mansurtl.com/templates/dream/images/dist/product-details/reviews/thumbs/img-4.png]
[www.mansurtl.com/templates/dream/images/dist/product-details/reviews/images/img-5.jpg]
[www.mansurtl.com/templates/dream/images/dist/product-details/reviews/thumbs/img-5.png]
[www.mansurtl.com/templates/dream/images/dist/product-details/reviews/images/img-6.jpg]
[www.mansurtl.com/templates/dream/images/dist/product-details/reviews/thumbs/img-6.png]
[www.mansurtl.com/templates/dream/images/dist/product-details/reviews/avatars/img-1.jpg]
[www.mansurtl.com/templates/dream/images/dist/product-details/reviews/thumbs/img-7.png]
[www.mansurtl.com/templates/dream/images/dist/product-details/reviews/thumbs/img-8.png]
[www.mansurtl.com/templates/dream/images/dist/product-details/reviews/thumbs/img-9.png]
[www.mansurtl.com/templates/dream/images/dist/product-details/reviews/avatars/img-2.jpg]
[www.mansurtl.com/templates/dream/js/plugins/clipboard.min.js]
[www.mansurtl.com/templates/dream/js/plugins/venobox.min.js]
[www.mansurtl.com/templates/dream/product.html]
[www.mansurtl.com/templates/dream/js/pages/product-details/script.master.js]
[www.mansurtl.com/templates/dream/images/dist/blog/post/img-1.jpg]
[www.mansurtl.com/templates/dream/images/dist/blog/post/img-2.jpg]
[www.mansurtl.com/templates/dream/images/dist/blog/post/img-3.jpg]
[www.mansurtl.com/templates/dream/blog-post.html]
[www.mansurtl.com/templates/dream/images/dist/company-team/img-1.png]
[www.mansurtl.com/templates/dream/images/dist/company-team/img-2.png]
[www.mansurtl.com/templates/dream/images/dist/company-team/img-3.png]
[www.mansurtl.com/templates/dream/images/dist/company-team/img-4.png]
[www.mansurtl.com/templates/dream/aboutus.html]
[www.mansurtl.com/templates/dream/privacy-policy.html]
[www.mansurtl.com/templates/dream/terms-of-use.html]
[www.mansurtl.com/templates/dream/contact.html]
[www.mansurtl.com/templates/dream/js/vendor/jquery-3.6.0.min.js]
[www.mansurtl.com/templates/dream/e]
[www.mansurtl.com/templates/dream/a.params.url]
[www.mansurtl.com/templates/dream/js/plugins/swiper-bundle.min.js]
[www.mansurtl.com/templates/dream/js/vendor/bootstrap.bundle.min.js]
[www.mansurtl.com/templates/dream/js/main.js]
[www.mansurtl.com/templates/dream/js/pages/home/script.master.js]
[www.mansurtl.com/templates/dream/js/pages/blog/list/script.master.js]
[www.mansurtl.com/templates/dream/css/vendor/jQuery-niceSelect/jQnice-select.css]
[www.mansurtl.com/templates/dream/profile-addresses.html]
[www.mansurtl.com/templates/dream/images/dist/merchants/img-1.png]
[www.mansurtl.com/templates/dream/images/dist/merchants/img-2.png]
[www.mansurtl.com/templates/dream/images/dist/merchants/img-3.png]
[www.mansurtl.com/templates/dream/images/dist/merchants/img-4.png]
[www.mansurtl.com/templates/dream/images/dist/merchants/img-5.png]
[www.mansurtl.com/templates/dream/images/dist/merchants/img-6.png]
[www.mansurtl.com/templates/dream/profile-bonuses.html]
[www.mansurtl.com/templates/dream/profile-reviews.html]
[www.mansurtl.com/templates/dream/js/plugins/jquery.nice-select.js]
[www.mansurtl.com/templates/dream/js/pages/profile/script.master.js]
[www.mansurtl.com/templates/dream/profile-order-details.html]
[www.mansurtl.com/templates/dream/js/pages/basket/script.master.js]
[www.mansurtl.com/templates/dream/profile-data.html]
[www.mansurtl.com/templates/dream/images/dist/brands/img-10.png]
[www.mansurtl.com/templates/dream/images/dist/brands/img-11.png]
[www.mansurtl.com/templates/dream/images/dist/brands/img-12.png]
[www.mansurtl.com/templates/dream/catalog-departments.html]
[www.mansurtl.com/templates/dream/js/pages/catalog/filter/script.master.js]
[www.mansurtl.com/templates/dream/css/vendor/VenoBox/venobox.min.css]
[www.mansurtl.com/templates/dream/js/plugins/clipboard.min.js]
[www.mansurtl.com/templates/dream/js/plugins/venobox.min.js]
[www.mansurtl.com/templates/dream/js/pages/product-details/script.master.js]
[www.mansurtl.com/templates/dream/js/pages/blog/post/script.master.js]
[www.mansurtl.com/templates/dream/js/pages/about-us/script.master.js]
[www.mansurtl.com/templates/dream/e.html]
[www.mansurtl.com/templates/dream/a.params.html]
[www.mansurtl.com/templates/dream/js/pages/catalog/departments/script.master.js]
[www.mansurtl.com/templates/dream/js/pages/catalog/departments/script.master.js]
